0 verbose cli C:\Program Files\nodejs\node.exe C:\Users\jshh0\AppData\Roaming\npm\node_modules\npm\bin\npm-cli.js
1 info using npm@11.18.0
2 info using node@v24.14.0
3 silly config load:file:C:\Users\jshh0\AppData\Roaming\npm\node_modules\npm\npmrc
4 silly config load:file:C:\medflow-ai\frontend\.npmrc
5 silly config load:file:C:\Users\jshh0\.npmrc
6 silly config load:file:C:\Users\jshh0\AppData\Roaming\npm\etc\npmrc
7 verbose title npm install
8 verbose argv "install" "--cache" ".npm-cache" "--no-audit" "--no-fund"
9 verbose logfile logs-max:10 dir:C:\medflow-ai\frontend\.npm-cache\_logs\2026-08-04T09_09_34_055Z-
10 verbose logfile C:\medflow-ai\frontend\.npm-cache\_logs\2026-08-04T09_09_34_055Z-debug-0.log
11 silly logfile done cleaning log files
12 silly packumentCache heap:2348810240 maxSize:587202560 maxEntrySize:293601280
13 silly idealTree buildDeps
14 silly reify moves {}
15 http fetch GET 200 https://registry.npmjs.org/npm 2301ms
16 warn allow-scripts 1 package has install scripts not yet covered by allowScripts:
16 warn allow-scripts   esbuild@0.25.12 (postinstall: node install.js)
16 warn allow-scripts
16 warn allow-scripts Run `npm install-scripts ls` to review, or `npm install-scripts approve <pkg>` to allow.
17 verbose cwd C:\medflow-ai\frontend
18 verbose os Windows_NT 10.0.26200
19 verbose node v24.14.0
20 verbose npm  v11.18.0
21 notice
21 notice New minor version of npm available! 11.18.0 -> 11.19.0
21 notice Changelog: https://github.com/npm/cli/releases/tag/v11.19.0
21 notice To update run: npm install -g npm@11.19.0
21 notice  { force: true, Symbol(proc-log.meta): true }
22 verbose exit 0
23 info ok
